src/components/cadastros/TurnoDialog.tsx(47,9): error TS2322: Type 'Resolver<{ nome: string; hora_inicio: string; hora_fim: string; ativo?: boolean | undefined; }, any, { nome: string; hora_inicio: string; hora_fim: string; ativo: boolean; }>' is not assignable to type 'Resolver<{ nome: string; hora_inicio: string; hora_fim: string; ativo: boolean; }, any, { nome: string; hora_inicio: string; hora_fim: string; ativo: boolean; }>'.
  Types of parameters 'options' and 'options' are incompatible.
    Type 'ResolverOptions<{ nome: string; hora_inicio: string; hora_fim: string; ativo: boolean; }>' is not assignable to type 'ResolverOptions<{ nome: string; hora_inicio: string; hora_fim: string; ativo?: boolean | undefined; }>'.
      Type 'boolean | undefined' is not assignable to type 'boolean'.
        Type 'undefined' is not assignable to type 'boolean'.
src/components/cadastros/TurnoDialog.tsx(86,55): error TS2345: Argument of type '(data: TurnoFormData) => void' is not assignable to parameter of type 'SubmitHandler<TFieldValues>'.
  Types of parameters 'data' and 'data' are incompatible.
    Type 'TFieldValues' is not assignable to type '{ nome: string; hora_inicio: string; hora_fim: string; ativo: boolean; }'.
      Type 'FieldValues' is missing the following properties from type '{ nome: string; hora_inicio: string; hora_fim: string; ativo: boolean; }': nome, hora_inicio, hora_fim, ativo
src/components/cadastros/TurnoDialog.tsx(88,29): error TS2322: Type 'Control<{ nome: string; hora_inicio: string; hora_fim: string; ativo: boolean; }, any, TFieldValues>' is not assignable to type 'Control<{ nome: string; hora_inicio: string; hora_fim: string; ativo: boolean; }, any, { nome: string; hora_inicio: string; hora_fim: string; ativo: boolean; }>'.
  The types of '_options.resolver' are incompatible between these types.
    Type 'Resolver<{ nome: string; hora_inicio: string; hora_fim: string; ativo: boolean; }, any, TFieldValues> | undefined' is not assignable to type 'Resolver<{ nome: string; hora_inicio: string; hora_fim: string; ativo: boolean; }, any, { nome: string; hora_inicio: string; hora_fim: string; ativo: boolean; }> | undefined'.
      Type 'Resolver<{ nome: string; hora_inicio: string; hora_fim: string; ativo: boolean; }, any, TFieldValues>' is not assignable to type 'Resolver<{ nome: string; hora_inicio: string; hora_fim: string; ativo: boolean; }, any, { nome: string; hora_inicio: string; hora_fim: string; ativo: boolean; }>'.
        Type 'ResolverResult<{ nome: string; hora_inicio: string; hora_fim: string; ativo: boolean; }, TFieldValues> | Promise<ResolverResult<{ nome: string; hora_inicio: string; hora_fim: string; ativo: boolean; }, TFieldValues>>' is not assignable to type 'ResolverResult<{ nome: string; hora_inicio: string; hora_fim: string; ativo: boolean; }, { nome: string; hora_inicio: string; hora_fim: string; ativo: boolean; }> | Promise<ResolverResult<{ nome: string; hora_inicio: string; hora_fim: string; ativo: boolean; }, { ...; }>>'.
          Type 'ResolverSuccess<TFieldValues>' is not assignable to type 'ResolverResult<{ nome: string; hora_inicio: string; hora_fim: string; ativo: boolean; }, { nome: string; hora_inicio: string; hora_fim: string; ativo: boolean; }> | Promise<ResolverResult<{ nome: string; hora_inicio: string; hora_fim: string; ativo: boolean; }, { ...; }>>'.
            Type 'ResolverSuccess<TFieldValues>' is not assignable to type 'ResolverSuccess<{ nome: string; hora_inicio: string; hora_fim: string; ativo: boolean; }>'.
              Type 'TFieldValues' is not assignable to type '{ nome: string; hora_inicio: string; hora_fim: string; ativo: boolean; }'.
                Type 'FieldValues' is missing the following properties from type '{ nome: string; hora_inicio: string; hora_fim: string; ativo: boolean; }': nome, hora_inicio, hora_fim, ativo
src/components/cadastros/TurnoDialog.tsx(103,33): error TS2322: Type 'Control<{ nome: string; hora_inicio: string; hora_fim: string; ativo: boolean; }, any, TFieldValues>' is not assignable to type 'Control<{ nome: string; hora_inicio: string; hora_fim: string; ativo: boolean; }, any, { nome: string; hora_inicio: string; hora_fim: string; ativo: boolean; }>'.
  The types of '_options.resolver' are incompatible between these types.
    Type 'Resolver<{ nome: string; hora_inicio: string; hora_fim: string; ativo: boolean; }, any, TFieldValues> | undefined' is not assignable to type 'Resolver<{ nome: string; hora_inicio: string; hora_fim: string; ativo: boolean; }, any, { nome: string; hora_inicio: string; hora_fim: string; ativo: boolean; }> | undefined'.
      Type 'Resolver<{ nome: string; hora_inicio: string; hora_fim: string; ativo: boolean; }, any, TFieldValues>' is not assignable to type 'Resolver<{ nome: string; hora_inicio: string; hora_fim: string; ativo: boolean; }, any, { nome: string; hora_inicio: string; hora_fim: string; ativo: boolean; }>'.
        Type 'ResolverResult<{ nome: string; hora_inicio: string; hora_fim: string; ativo: boolean; }, TFieldValues> | Promise<ResolverResult<{ nome: string; hora_inicio: string; hora_fim: string; ativo: boolean; }, TFieldValues>>' is not assignable to type 'ResolverResult<{ nome: string; hora_inicio: string; hora_fim: string; ativo: boolean; }, { nome: string; hora_inicio: string; hora_fim: string; ativo: boolean; }> | Promise<ResolverResult<{ nome: string; hora_inicio: string; hora_fim: string; ativo: boolean; }, { ...; }>>'.
          Type 'ResolverSuccess<TFieldValues>' is not assignable to type 'ResolverResult<{ nome: string; hora_inicio: string; hora_fim: string; ativo: boolean; }, { nome: string; hora_inicio: string; hora_fim: string; ativo: boolean; }> | Promise<ResolverResult<{ nome: string; hora_inicio: string; hora_fim: string; ativo: boolean; }, { ...; }>>'.
            Type 'ResolverSuccess<TFieldValues>' is not assignable to type 'ResolverSuccess<{ nome: string; hora_inicio: string; hora_fim: string; ativo: boolean; }>'.
              Type 'TFieldValues' is not assignable to type '{ nome: string; hora_inicio: string; hora_fim: string; ativo: boolean; }'.
                Type 'FieldValues' is missing the following properties from type '{ nome: string; hora_inicio: string; hora_fim: string; ativo: boolean; }': nome, hora_inicio, hora_fim, ativo
src/components/cadastros/TurnoDialog.tsx(117,33): error TS2322: Type 'Control<{ nome: string; hora_inicio: string; hora_fim: string; ativo: boolean; }, any, TFieldValues>' is not assignable to type 'Control<{ nome: string; hora_inicio: string; hora_fim: string; ativo: boolean; }, any, { nome: string; hora_inicio: string; hora_fim: string; ativo: boolean; }>'.
  The types of '_options.resolver' are incompatible between these types.
    Type 'Resolver<{ nome: string; hora_inicio: string; hora_fim: string; ativo: boolean; }, any, TFieldValues> | undefined' is not assignable to type 'Resolver<{ nome: string; hora_inicio: string; hora_fim: string; ativo: boolean; }, any, { nome: string; hora_inicio: string; hora_fim: string; ativo: boolean; }> | undefined'.
      Type 'Resolver<{ nome: string; hora_inicio: string; hora_fim: string; ativo: boolean; }, any, TFieldValues>' is not assignable to type 'Resolver<{ nome: string; hora_inicio: string; hora_fim: string; ativo: boolean; }, any, { nome: string; hora_inicio: string; hora_fim: string; ativo: boolean; }>'.
        Type 'ResolverResult<{ nome: string; hora_inicio: string; hora_fim: string; ativo: boolean; }, TFieldValues> | Promise<ResolverResult<{ nome: string; hora_inicio: string; hora_fim: string; ativo: boolean; }, TFieldValues>>' is not assignable to type 'ResolverResult<{ nome: string; hora_inicio: string; hora_fim: string; ativo: boolean; }, { nome: string; hora_inicio: string; hora_fim: string; ativo: boolean; }> | Promise<ResolverResult<{ nome: string; hora_inicio: string; hora_fim: string; ativo: boolean; }, { ...; }>>'.
          Type 'ResolverSuccess<TFieldValues>' is not assignable to type 'ResolverResult<{ nome: string; hora_inicio: string; hora_fim: string; ativo: boolean; }, { nome: string; hora_inicio: string; hora_fim: string; ativo: boolean; }> | Promise<ResolverResult<{ nome: string; hora_inicio: string; hora_fim: string; ativo: boolean; }, { ...; }>>'.
            Type 'ResolverSuccess<TFieldValues>' is not assignable to type 'ResolverSuccess<{ nome: string; hora_inicio: string; hora_fim: string; ativo: boolean; }>'.
              Type 'TFieldValues' is not assignable to type '{ nome: string; hora_inicio: string; hora_fim: string; ativo: boolean; }'.
                Type 'FieldValues' is missing the following properties from type '{ nome: string; hora_inicio: string; hora_fim: string; ativo: boolean; }': nome, hora_inicio, hora_fim, ativo
src/components/cadastros/TurnoDialog.tsx(132,29): error TS2322: Type 'Control<{ nome: string; hora_inicio: string; hora_fim: string; ativo: boolean; }, any, TFieldValues>' is not assignable to type 'Control<{ nome: string; hora_inicio: string; hora_fim: string; ativo: boolean; }, any, { nome: string; hora_inicio: string; hora_fim: string; ativo: boolean; }>'.
  The types of '_options.resolver' are incompatible between these types.
    Type 'Resolver<{ nome: string; hora_inicio: string; hora_fim: string; ativo: boolean; }, any, TFieldValues> | undefined' is not assignable to type 'Resolver<{ nome: string; hora_inicio: string; hora_fim: string; ativo: boolean; }, any, { nome: string; hora_inicio: string; hora_fim: string; ativo: boolean; }> | undefined'.
      Type 'Resolver<{ nome: string; hora_inicio: string; hora_fim: string; ativo: boolean; }, any, TFieldValues>' is not assignable to type 'Resolver<{ nome: string; hora_inicio: string; hora_fim: string; ativo: boolean; }, any, { nome: string; hora_inicio: string; hora_fim: string; ativo: boolean; }>'.
        Type 'ResolverResult<{ nome: string; hora_inicio: string; hora_fim: string; ativo: boolean; }, TFieldValues> | Promise<ResolverResult<{ nome: string; hora_inicio: string; hora_fim: string; ativo: boolean; }, TFieldValues>>' is not assignable to type 'ResolverResult<{ nome: string; hora_inicio: string; hora_fim: string; ativo: boolean; }, { nome: string; hora_inicio: string; hora_fim: string; ativo: boolean; }> | Promise<ResolverResult<{ nome: string; hora_inicio: string; hora_fim: string; ativo: boolean; }, { ...; }>>'.
          Type 'ResolverSuccess<TFieldValues>' is not assignable to type 'ResolverResult<{ nome: string; hora_inicio: string; hora_fim: string; ativo: boolean; }, { nome: string; hora_inicio: string; hora_fim: string; ativo: boolean; }> | Promise<ResolverResult<{ nome: string; hora_inicio: string; hora_fim: string; ativo: boolean; }, { ...; }>>'.
            Type 'ResolverSuccess<TFieldValues>' is not assignable to type 'ResolverSuccess<{ nome: string; hora_inicio: string; hora_fim: string; ativo: boolean; }>'.
              Type 'TFieldValues' is not assignable to type '{ nome: string; hora_inicio: string; hora_fim: string; ativo: boolean; }'.
                Type 'FieldValues' is missing the following properties from type '{ nome: string; hora_inicio: string; hora_fim: string; ativo: boolean; }': nome, hora_inicio, hora_fim, ativo
src/contexts/AuthContext.tsx(67,44): error TS6133: 'roleError' is declared but its value is never read.
src/hooks/useCadastros.ts(21,21): error TS2352: Conversion of type 'GenericStringError[]' to type 'T[]' may be a mistake because neither type sufficiently overlaps with the other. If this was intentional, convert the expression to 'unknown' first.
  Type 'GenericStringError' is not comparable to type 'T'.
    'T' could be instantiated with an arbitrary type which could be unrelated to 'GenericStringError'.
src/integrations/supabase/client.ts(3,33): error TS2339: Property 'env' does not exist on type 'ImportMeta'.
src/integrations/supabase/client.ts(4,37): error TS2339: Property 'env' does not exist on type 'ImportMeta'.
src/lib/roleta.ts(4,54): error TS6133: 'unidadeId' is declared but its value is never read.
src/lib/roleta.ts(4,74): error TS6133: 'equipeId' is declared but its value is never read.
src/pages/admin/AdminPage.tsx(3,1): error TS6133: 'Button' is declared but its value is never read.
src/pages/AnaliseCLPage.tsx(152,76): error TS18048: 'percent' is possibly 'undefined'.
src/pages/cadastros/CidadesPage.tsx(21,99): error TS6133: 'isDeleting' is declared but its value is never read.
src/pages/cadastros/PipelineFormPage.tsx(51,9): error TS2322: Type 'Resolver<{ nome: string; unidade_id: string; tipo: "vendas" | "locacao" | "custom"; etapas: { nome: string; id?: number | undefined; cor?: string | undefined; obrigatorio?: boolean | undefined; }[]; descricao?: string | undefined; ativo?: boolean | undefined; }, any, { ...; }>' is not assignable to type 'Resolver<{ nome: string; unidade_id: string; tipo: "vendas" | "locacao" | "custom"; ativo: boolean; etapas: { nome: string; cor: string; obrigatorio: boolean; id?: number | undefined; }[]; descricao?: string | undefined; }, any, { ...; }>'.
  Types of parameters 'options' and 'options' are incompatible.
    Type 'ResolverOptions<{ nome: string; unidade_id: string; tipo: "vendas" | "locacao" | "custom"; ativo: boolean; etapas: { nome: string; cor: string; obrigatorio: boolean; id?: number | undefined; }[]; descricao?: string | undefined; }>' is not assignable to type 'ResolverOptions<{ nome: string; unidade_id: string; tipo: "vendas" | "locacao" | "custom"; etapas: { nome: string; id?: number | undefined; cor?: string | undefined; obrigatorio?: boolean | undefined; }[]; descricao?: string | undefined; ativo?: boolean | undefined; }>'.
      Type 'boolean | undefined' is not assignable to type 'boolean'.
        Type 'undefined' is not assignable to type 'boolean'.
src/pages/cadastros/PipelineFormPage.tsx(167,47): error TS2345: Argument of type '(data: PipelineFormData) => Promise<void>' is not assignable to parameter of type 'SubmitHandler<TFieldValues>'.
  Types of parameters 'data' and 'data' are incompatible.
    Type 'TFieldValues' is not assignable to type '{ nome: string; unidade_id: string; tipo: "vendas" | "locacao" | "custom"; ativo: boolean; etapas: { nome: string; cor: string; obrigatorio: boolean; id?: number | undefined; }[]; descricao?: string | undefined; }'.
      Type 'FieldValues' is missing the following properties from type '{ nome: string; unidade_id: string; tipo: "vendas" | "locacao" | "custom"; ativo: boolean; etapas: { nome: string; cor: string; obrigatorio: boolean; id?: number | undefined; }[]; descricao?: string | undefined; }': nome, unidade_id, tipo, ativo, etapas
src/pages/operacional/DashboardRoletaPage.tsx(72,68): error TS2339: Property 'created_at' does not exist on type 'RodadaDistribuicao'.
src/pages/operacional/PlanejamentoPlantaoPage.tsx(41,41): error TS6133: 'onDrop' is declared but its value is never read.
src/pages/operacional/PlanejamentoPlantaoPage.tsx(80,19): error TS6133: 'fetchCorretores' is declared but its value is never read.
src/pages/operacional/PlanejamentoPlantaoPage.tsx(100,27): error TS6133: 'error' is declared but its value is never read.
src/pages/PipelinePage.tsx(92,13): error TS2322: Type 'number | undefined' is not assignable to type 'number'.
  Type 'undefined' is not assignable to type 'number'.
